../Drivers/ssd1306/ssd1306.c:24:6:ssd1306_Reset	8	static
../Drivers/ssd1306/ssd1306.c:36:6:ssd1306_WriteCommand	16	static
../Drivers/ssd1306/ssd1306.c:44:6:ssd1306_WriteData	16	static
../Drivers/ssd1306/ssd1306.c:63:17:ssd1306_FillBuffer	24	static
../Drivers/ssd1306/ssd1306.c:73:6:ssd1306_Init	8	static
../Drivers/ssd1306/ssd1306.c:178:6:ssd1306_Fill	24	static
../Drivers/ssd1306/ssd1306.c:187:6:ssd1306_UpdateScreen	16	static
../Drivers/ssd1306/ssd1306.c:208:6:ssd1306_DrawPixel	16	static
../Drivers/ssd1306/ssd1306.c:222:6:SSD1306_drawVLine	32	static
../Drivers/ssd1306/ssd1306.c:231:6:SSD1306_drawHLine	32	static
../Drivers/ssd1306/ssd1306.c:245:6:ssd1306_WriteChar	48	static
../Drivers/ssd1306/ssd1306.c:280:6:ssd1306_WriteString	24	static
../Drivers/ssd1306/ssd1306.c:294:6:ssd1306_SetCursor	16	static
../Drivers/ssd1306/ssd1306.c:300:6:ssd1306_Line	48	static
../Drivers/ssd1306/ssd1306.c:327:6:ssd1306_Polyline	40	static
../Drivers/ssd1306/ssd1306.c:341:14:ssd1306_DegToRad	16	static
../Drivers/ssd1306/ssd1306.c:346:17:ssd1306_NormalizeTo0_360	24	static
../Drivers/ssd1306/ssd1306.c:362:6:ssd1306_DrawArc	56	static
../Drivers/ssd1306/ssd1306.c:402:6:ssd1306_DrawArcWithRadiusLine	64	static
../Drivers/ssd1306/ssd1306.c:445:6:ssd1306_DrawCircle	40	static
../Drivers/ssd1306/ssd1306.c:480:6:ssd1306_FillCircle	48	static
../Drivers/ssd1306/ssd1306.c:516:6:ssd1306_DrawRectangle	32	static
../Drivers/ssd1306/ssd1306.c:526:6:ssd1306_FillRectangle	32	static
../Drivers/ssd1306/ssd1306.c:541:6:ssd1306_DrawBitmap	24	static
../Drivers/ssd1306/ssd1306.c:565:6:ssd1306_SetContrast	24	static
../Drivers/ssd1306/ssd1306.c:571:6:ssd1306_SetDisplayOn	24	static
../Drivers/ssd1306/ssd1306.c:583:9:ssd1306_GetDisplayOn	4	static
